V3 27
FL C:/Users/BrianZ/Desktop/BrainlessExp/ALU.vhd 2011/05/03.13:45:00 M.53d
EN work/ALU 1304625455 FL C:/Users/BrianZ/Desktop/BrainlessExp/ALU.vhd \
      PB ieee/std_logic_1164 1270894585 PB ieee/std_logic_arith 1270894586 \
      PB ieee/STD_LOGIC_UNSIGNED 1270894587
AR work/ALU/Behavioral 1304625456 \
      FL C:/Users/BrianZ/Desktop/BrainlessExp/ALU.vhd EN work/ALU 1304625455
FL C:/Users/BrianZ/Desktop/BrainlessExp/BRAINLESS_uP.vhd 2011/05/05.13:49:51 M.53d
EN work/BRAINLESS_uP 1304625467 \
      FL C:/Users/BrianZ/Desktop/BrainlessExp/BRAINLESS_uP.vhd \
      PB ieee/std_logic_1164 1270894585 PB ieee/std_logic_arith 1270894586 \
      PB ieee/STD_LOGIC_UNSIGNED 1270894587
AR work/BRAINLESS_uP/Behavioral 1304625468 \
      FL C:/Users/BrianZ/Desktop/BrainlessExp/BRAINLESS_uP.vhd \
      EN work/BRAINLESS_uP 1304625467 CP ALU CP DECODER CP BUFFER4 \
      CP CLK_PRESS_DEBOUNCER CP REGISTER4 CP DISP_controller
FL C:/Users/BrianZ/Desktop/BrainlessExp/BUFFER4.vhd 2011/05/03.13:45:00 M.53d
EN work/BUFFER4 1304625459 FL C:/Users/BrianZ/Desktop/BrainlessExp/BUFFER4.vhd \
      PB ieee/std_logic_1164 1270894585 PB ieee/std_logic_arith 1270894586 \
      PB ieee/STD_LOGIC_UNSIGNED 1270894587
AR work/BUFFER4/Behavioral 1304625460 \
      FL C:/Users/BrianZ/Desktop/BrainlessExp/BUFFER4.vhd EN work/BUFFER4 1304625459
FL C:/Users/BrianZ/Desktop/BrainlessExp/CLOCK_BUFFER.vhd 2011/05/05.10:34:17 M.53d
EN work/CLK_PRESS_DEBOUNCER 1304625461 \
      FL C:/Users/BrianZ/Desktop/BrainlessExp/CLOCK_BUFFER.vhd \
      PB ieee/std_logic_1164 1270894585 PB ieee/STD_LOGIC_UNSIGNED 1270894587
AR work/CLK_PRESS_DEBOUNCER/behavioral 1304625462 \
      FL C:/Users/BrianZ/Desktop/BrainlessExp/CLOCK_BUFFER.vhd \
      EN work/CLK_PRESS_DEBOUNCER 1304625461
FL C:/Users/BrianZ/Desktop/BrainlessExp/DECODER.vhd 2011/05/05.10:11:58 M.53d
EN work/DECODER 1304625457 FL C:/Users/BrianZ/Desktop/BrainlessExp/DECODER.vhd \
      PB ieee/std_logic_1164 1270894585 PB ieee/std_logic_arith 1270894586 \
      PB ieee/STD_LOGIC_UNSIGNED 1270894587
AR work/DECODER/Behavioral 1304625458 \
      FL C:/Users/BrianZ/Desktop/BrainlessExp/DECODER.vhd EN work/DECODER 1304625457
FL C:/Users/BrianZ/Desktop/BrainlessExp/DISP_controller.vhd 2011/05/05.13:57:19 M.53d
EN work/DISP_controller 1304625465 \
      FL C:/Users/BrianZ/Desktop/BrainlessExp/DISP_controller.vhd \
      PB ieee/std_logic_1164 1270894585
AR work/DISP_controller/Behavioral 1304625466 \
      FL C:/Users/BrianZ/Desktop/BrainlessExp/DISP_controller.vhd \
      EN work/DISP_controller 1304625465
FL C:/Users/BrianZ/Desktop/BrainlessExp/REGISTER4.vhd 2011/05/03.13:45:00 M.53d
EN work/REGISTER4 1304625463 \
      FL C:/Users/BrianZ/Desktop/BrainlessExp/REGISTER4.vhd \
      PB ieee/std_logic_1164 1270894585 PB ieee/std_logic_arith 1270894586 \
      PB ieee/STD_LOGIC_UNSIGNED 1270894587
AR work/REGISTER4/Behavioral 1304625464 \
      FL C:/Users/BrianZ/Desktop/BrainlessExp/REGISTER4.vhd EN work/REGISTER4 1304625463
